../src/Hardware/Perifericos/SCTimer/SCTimer.cpp:10:1:SCTimer::SCTimer()	16	static
../src/Hardware/Perifericos/SCTimer/SCTimer.cpp:14:6:void SCTimer::setUnify(bool)	16	static
../src/Hardware/Perifericos/SCTimer/SCTimer.cpp:22:6:void SCTimer::setAutoLimit(bool)	16	static
../src/Hardware/Perifericos/SCTimer/SCTimer.cpp:31:6:void SCTimer::StartTimer()	16	static
../src/Hardware/Perifericos/SCTimer/SCTimer.cpp:35:6:void SCTimer::StopTimer()	16	static
../src/Hardware/Perifericos/SCTimer/SCTimer.cpp:39:6:void SCTimer::SetMatch(uint32_t, match_t)	24	static
../src/Hardware/Perifericos/SCTimer/SCTimer.cpp:45:6:void SCTimer::CreateMatchEvent(match_t, event_t)	16	static
../src/Hardware/Perifericos/SCTimer/SCTimer.cpp:50:6:void SCTimer::CreateInputEvent(event_t, edge_t)	16	static
../src/Hardware/Perifericos/SCTimer/SCTimer.cpp:56:6:void SCTimer::SetOutput(output_t, event_t)	16	static
../src/Hardware/Perifericos/SCTimer/SCTimer.cpp:60:6:void SCTimer::ClrOutput(output_t, event_t)	16	static
../src/Hardware/Perifericos/SCTimer/SCTimer.cpp:67:6:void SCTimer::ConfigSwitchMatrixSCTOut(uint8_t, uint8_t, uint8_t)	32	static
../src/Hardware/Perifericos/SCTimer/SCTimer.cpp:104:1:SCTimer::~SCTimer()	16	static
../src/Hardware/Perifericos/SCTimer/SCTimer.cpp:104:1:virtual SCTimer::~SCTimer()	16	static
