../src/Hardware/Perifericos/02-Gpio/Gpio.cpp:10:1:Gpio::Gpio(Pin::port_t, uint8_t, mode_t, direction_t, activity_t)	24	static
../src/Hardware/Perifericos/02-Gpio/Gpio.cpp:23:9:virtual uint8_t Gpio::SetPin()	16	static
../src/Hardware/Perifericos/02-Gpio/Gpio.cpp:39:9:virtual uint8_t Gpio::ClrPin()	16	static
../src/Hardware/Perifericos/02-Gpio/Gpio.cpp:55:9:virtual uint8_t Gpio::SetDirInputs()	16	static
../src/Hardware/Perifericos/02-Gpio/Gpio.cpp:65:9:virtual uint8_t Gpio::SetDirOutputs()	16	static
../src/Hardware/Perifericos/02-Gpio/Gpio.cpp:75:9:virtual uint8_t Gpio::SetTogglePin()	16	static
../src/Hardware/Perifericos/02-Gpio/Gpio.cpp:84:9:uint8_t Gpio::SetToggleDir()	16	static
../src/Hardware/Perifericos/02-Gpio/Gpio.cpp:93:9:virtual uint8_t Gpio::SetPinModeIn()	24	static
../src/Hardware/Perifericos/02-Gpio/Gpio.cpp:110:9:virtual uint8_t Gpio::SetPinModeOut()	24	static
../src/Hardware/Perifericos/02-Gpio/Gpio.cpp:127:1:Gpio::~Gpio()	16	static
../src/Hardware/Perifericos/02-Gpio/Gpio.cpp:127:1:virtual Gpio::~Gpio()	16	static
